app/(role)/quotation-generator/page.tsx(18,5): error TS2322: Type 'Resolver<{ quotationNo: string; place: string; totalNights: number; groupSize: number; travelDate: string; mealPlan: string; accommodation: { hotelName: string; roomType: string; nights: number; }[]; transfers: { ...; }[]; ... 7 more ...; flightCost?: number | undefined; }, any, { ...; }>' is not assignable to type 'Resolver<{ quotationNo: string; place: string; totalNights: number; groupSize: number; travelDate: string; mealPlan: string; accommodation: { hotelName: string; roomType: string; nights: number; }[]; transfers: { ...; }[]; ... 7 more ...; flights?: { ...; }[] | undefined; }, any, { ...; }>'.
  Types of parameters 'options' and 'options' are incompatible.
    Type 'ResolverOptions<{ quotationNo: string; place: string; totalNights: number; groupSize: number; travelDate: string; mealPlan: string; accommodation: { hotelName: string; roomType: string; nights: number; }[]; transfers: { ...; }[]; ... 7 more ...; flights?: { ...; }[] | undefined; }>' is not assignable to type 'ResolverOptions<{ quotationNo: string; place: string; totalNights: number; groupSize: number; travelDate: string; mealPlan: string; accommodation: { hotelName: string; roomType: string; nights: number; }[]; transfers: { ...; }[]; ... 7 more ...; flightCost?: number | undefined; }>'.
      Type 'number | undefined' is not assignable to type 'number'.
        Type 'undefined' is not assignable to type 'number'.
app/(role)/quotation-generator/page.tsx(76,47): error TS2345: Argument of type '(data: QuotationType) => void' is not assignable to parameter of type 'SubmitHandler<TFieldValues>'.
  Types of parameters 'data' and 'data' are incompatible.
    Type 'TFieldValues' is not assignable to type '{ quotationNo: string; place: string; totalNights: number; groupSize: number; travelDate: string; mealPlan: string; accommodation: { hotelName: string; roomType: string; nights: number; }[]; transfers: { ...; }[]; ... 7 more ...; flights?: { ...; }[] | undefined; }'.
      Type 'FieldValues' is missing the following properties from type '{ quotationNo: string; place: string; totalNights: number; groupSize: number; travelDate: string; mealPlan: string; accommodation: { hotelName: string; roomType: string; nights: number; }[]; transfers: { ...; }[]; ... 7 more ...; flights?: { ...; }[] | undefined; }': quotationNo, place, totalNights, groupSize, and 11 more.
